[16:38:20] [ServerMain/INFO]: Environment: Environment[sessionHost=https://sessionserver.mojang.com, servicesHost=https://api.minecraftservices.com, name=PROD]
[16:38:20] [ServerMain/INFO]: No existing world data, creating new world
[16:38:20] [ServerMain/ERROR]: No key layers in MapLike[{}]
[16:38:21] [ServerMain/INFO]: Loaded 1290 recipes
[16:38:21] [ServerMain/INFO]: Loaded 1399 advancements
[16:38:21] [Server thread/INFO]: Starting minecraft server version 1.21.1
[16:38:21] [Server thread/INFO]: Loading properties
[16:38:21] [Server thread/INFO]: Default game type: SURVIVAL
[16:38:21] [Server thread/INFO]: Generating keypair
[16:38:21] [Server thread/INFO]: Starting Minecraft server on *:25599
[16:38:21] [Server thread/INFO]: Using default channel type
[16:38:22] [Server thread/WARN]: **** SERVER IS RUNNING IN OFFLINE/INSECURE MODE!
[16:38:22] [Server thread/WARN]: The server will make no attempt to authenticate usernames. Beware.
[16:38:22] [Server thread/WARN]: While this makes the game possible to play without internet access, it also opens up the ability for hackers to connect with any username they choose.
[16:38:22] [Server thread/WARN]: To change this, set "online-mode" to "true" in the server.properties file.
[16:38:22] [Server thread/INFO]: Preparing level "world"
[16:38:22] [Server thread/INFO]: Preparing start region for dimension minecraft:overworld
[16:38:22] [Worker-Main-1/INFO]: Preparing spawn area: 2%
[16:38:22] [Server thread/INFO]: Time elapsed: 206 ms
[16:38:22] [Server thread/INFO]: Done (0.517s)! For help, type "help"
